npm error code ENOENT
npm error syscall open
npm error path C:\Users\samwe\Documents\axiom\package.json
npm error errno -4058
npm error enoent Could not read package.json: Error: ENOENT: no such file or directory, open 'C:\Users\samwe\Documents\axiom\package.json'
npm error enoent This is related to npm not being able to find a file.
npm error enoent
npm error A complete log of this run can be found in: C:\Users\samwe\AppData\Local\npm-cache\_logs\2026-03-24T19_11_48_484Z-debug-0.log
